num_free_blocks = 0
num_free_bytes = 0
num_allocated_blocks = 1
num_allocated_bytes = 10
num_beta_bytes = 32
size_meta_data = 32

num_free_blocks = 1
num_free_bytes = 10
num_allocated_blocks = 1
num_allocated_bytes = 10
num_beta_bytes = 32
size_meta_data = 32

num_free_blocks = 0
num_free_bytes = 0
num_allocated_blocks = 1
num_allocated_bytes = 10
num_beta_bytes = 32
size_meta_data = 32

num_free_blocks = 1
num_free_bytes = 10
num_allocated_blocks = 1
num_allocated_bytes = 10
num_beta_bytes = 32
size_meta_data = 32

num_free_blocks = 1
num_free_bytes = 10
num_allocated_blocks = 1
num_allocated_bytes = 10
num_beta_bytes = 32
size_meta_data = 32

num_free_blocks = 1
num_free_bytes = 10
num_allocated_blocks = 2
num_allocated_bytes = 21
num_beta_bytes = 64
size_meta_data = 32

num_free_blocks = 2
num_free_bytes = 21
num_allocated_blocks = 2
num_allocated_bytes = 21
num_beta_bytes = 64
size_meta_data = 32

